// Jest Snapshot v1, https://goo.gl/fbAQLP

exports[`<UserData/> matches snapshot 1`] = `
<section>
  <h1>
    Users:
  </h1>
  <div>
    <h2>
      Add New User
    </h2>
    <form
      action="#"
      data-testid="add-user-form"
      onReset={[Function]}
      onSubmit={[Function]}
    >
      <input
        name="email"
        onBlur={[Function]}
        onChange={[Function]}
        placeholder="Email"
        style={
          Object {
            "margin": ".5rem",
            "width": "100%",
          }
        }
        value=""
      />
      <input
        name="name"
        onBlur={[Function]}
        onChange={[Function]}
        placeholder="Name"
        style={
          Object {
            "margin": ".5rem",
            "width": "100%",
          }
        }
        value=""
      />
      <input
        name="phone"
        onBlur={[Function]}
        onChange={[Function]}
        placeholder="Phone"
        style={
          Object {
            "margin": ".5rem",
            "width": "100%",
          }
        }
        value=""
      />
      <input
        name="website"
        onBlur={[Function]}
        onChange={[Function]}
        placeholder="Website"
        style={
          Object {
            "margin": ".5rem",
            "width": "100%",
          }
        }
        value=""
      />
      <button
        className="MuiButton-root MuiButton-contained MuiButton-containedPrimary MuiButton-sizeMedium MuiButton-containedSizeMedium MuiButtonBase-root Mui-disabled  css-sghohy-MuiButtonBase-root-MuiButton-root"
        disabled={true}
        onBlur={[Function]}
        onContextMenu={[Function]}
        onDragLeave={[Function]}
        onFocus={[Function]}
        onKeyDown={[Function]}
        onKeyUp={[Function]}
        onMouseDown={[Function]}
        onMouseLeave={[Function]}
        onMouseUp={[Function]}
        onTouchEnd={[Function]}
        onTouchMove={[Function]}
        onTouchStart={[Function]}
        tabIndex={-1}
        type="submit"
      >
         Submit
      </button>
    </form>
  </div>
</section>
`;
